// Jest Snapshot v1, https://goo.gl/fbAQLP

exports[`LanguageProvider Actions has a type of SET_LOCALE 1`] = `
Object {
  "locale": "en",
  "type": "src/LanguageProvider/SET_LOCALE",
}
`;
