// Jest Snapshot v1, https://goo.gl/fbAQLP

exports[`languageProviderReducer should handle the SET_LOCALE action correctly 1`] = `
Object {
  "locale": undefined,
}
`;
