// Jest Snapshot v1, https://goo.gl/fbAQLP

exports[`topHeader Thunk should dispatch correct actions when handling closeMenu 1`] = `
[MockFunction] {
  "calls": Array [
    Array [
      Object {
        "type": "src/TopHeader/CLOSE_MENU",
      },
    ],
  ],
  "results": Array [
    Object {
      "type": "return",
      "value": undefined,
    },
  ],
}
`;

exports[`topHeader Thunk should dispatch correct actions when handling openMenu 1`] = `
[MockFunction] {
  "calls": Array [
    Array [
      Object {
        "target": "<button class=\\"MuiButtonBase-root-29 MuiIconButton-root-89 MuiIconButton-colorInherit-90\\" tabindex=\\"0\\" type=\\"button\\" aria-label=\\"More\\" aria-haspopup=\\"true\\" aria-owns=\\"long-menu\\"><span class=\\"MuiIconButton-label-94\\"><svg class=\\"MuiSvgIcon-root-95\\" focusable=\\"false\\" viewBox=\\"0 0 24 24\\" aria-hidden=\\"true\\" role=\\"presentation\\"><path fill=\\"none\\" d=\\"M0 0h24v24H0z\\"></path><path d=\\"M12 8c1.1 0 2-.9 2-2s-.9-2-2-2-2 .9-2 2 .9 2 2 2zm0 2c-1.1 0-2 .9-2 2s.9 2 2 2 2-.9 2-2-.9-2-2-2zm0 6c-1.1 0-2 .9-2 2s.9 2 2 2 2-.9 2-2-.9-2-2-2z\\"></path></svg></span><span class=\\"MuiTouchRipple-root-142\\"></span></button>",
        "type": "src/TopHeader/OPEN_MENU",
      },
    ],
  ],
  "results": Array [
    Object {
      "type": "return",
      "value": undefined,
    },
  ],
}
`;
